[2025-10-01 20:10:15] LemonPay deposit payload: {"merchantId":"MID017","secretKey":"af8699959e552fe5925d1f683dca81d9","orderId":"202510011759329615936212","amount":"200.00","callbackUrl":"https:\/\/91clubgo.site\/pay\/LP_Webhook.php","name":"89 Club","phone":"+911234567890","email":"admin@91clubgo.site","sign":"D8E377BC1225DC2770C7A64AA5A08360"}
[2025-10-01 20:10:23] LemonPay deposit payload: {"merchantId":"MID017","secretKey":"af8699959e552fe5925d1f683dca81d9","orderId":"202510011759329623505825","amount":"200.00","callbackUrl":"https:\/\/91clubgo.site\/pay\/LP_Webhook.php","name":"89 Club","phone":"+911234567890","email":"admin@91clubgo.site","sign":"5D43D770E44B5512B59E38CC9262DB77"}
[2025-10-01 20:10:32] LemonPay deposit payload: {"merchantId":"MID017","secretKey":"af8699959e552fe5925d1f683dca81d9","orderId":"202510011759329632228441","amount":"200.00","callbackUrl":"https:\/\/91clubgo.site\/pay\/LP_Webhook.php","name":"89 Club","phone":"+911234567890","email":"admin@91clubgo.site","sign":"22B230D246D44B96EE187DFD25D42391"}
[2025-10-01 21:10:24] LemonPay deposit payload: {"merchantId":"MID017","secretKey":"af8699959e552fe5925d1f683dca81d9","orderId":"202510011759333224688158","amount":"500.00","callbackUrl":"https:\/\/91clubgo.site\/pay\/LP_Webhook.php","name":"89 Club","phone":"+911234567890","email":"admin@91clubgo.site","sign":"58FB1D6F4DF8BB203786BE004BECAEBB"}
[2025-10-02 10:29:00] LemonPay deposit payload: {"merchantId":"MID017","secretKey":"af8699959e552fe5925d1f683dca81d9","orderId":"202510021759381140532423","amount":"200.00","callbackUrl":"https:\/\/91clubgo.site\/pay\/LP_Webhook.php","name":"89 Club","phone":"+911234567890","email":"admin@91clubgo.site","sign":"51F70A54882E9F86BC2ECC5A6540870A"}
[2025-10-02 10:36:47] LemonPay deposit payload: {"merchantId":"MID017","secretKey":"af8699959e552fe5925d1f683dca81d9","orderId":"202510021759381607614624","amount":"500.00","callbackUrl":"https:\/\/91clubgo.site\/pay\/LP_Webhook.php","name":"89 Club","phone":"+911234567890","email":"admin@91clubgo.site","sign":"2C07FF3B31FE5C3A2A0A92A34964D2FA"}
[2025-10-02 10:38:30] LemonPay deposit payload: {"merchantId":"MID017","secretKey":"af8699959e552fe5925d1f683dca81d9","orderId":"202510021759381710156516","amount":"500.00","callbackUrl":"https:\/\/91clubgo.site\/pay\/LP_Webhook.php","name":"89 Club","phone":"+911234567890","email":"admin@91clubgo.site","sign":"942376BEC7557294C296C394E5A3ACA5"}
[2025-10-02 10:39:18] LemonPay deposit payload: {"merchantId":"MID017","secretKey":"af8699959e552fe5925d1f683dca81d9","orderId":"202510021759381758353722","amount":"200.00","callbackUrl":"https:\/\/91clubgo.site\/pay\/LP_Webhook.php","name":"89 Club","phone":"+911234567890","email":"admin@91clubgo.site","sign":"AFC0020A67D63C3BF8D7B5BF46137DAA"}
[2025-10-02 10:40:54] LemonPay deposit payload: {"merchantId":"MID017","secretKey":"af8699959e552fe5925d1f683dca81d9","orderId":"202510021759381854748035","amount":"200.00","callbackUrl":"https:\/\/91clubgo.site\/pay\/LP_Webhook.php","name":"89 Club","phone":"+911234567890","email":"admin@91clubgo.site","sign":"63C868F5F43F11AAE71109CD875D7DB6"}
[2025-10-02 10:42:07] LemonPay deposit payload: {"merchantId":"MID017","secretKey":"af8699959e552fe5925d1f683dca81d9","orderId":"202510021759381927542501","amount":"200.00","callbackUrl":"https:\/\/91clubgo.site\/pay\/LP_Webhook.php","name":"89 Club","phone":"+911234567890","email":"admin@91clubgo.site","sign":"C386096139D2D2E760EDDD8CD5074418"}
[2025-10-02 10:44:00] LemonPay deposit payload: {"merchantId":"MID017","secretKey":"af8699959e552fe5925d1f683dca81d9","orderId":"202510021759382040723964","amount":"300.00","callbackUrl":"https:\/\/91clubgo.site\/pay\/LP_Webhook.php","name":"89 Club","phone":"+911234567890","email":"admin@91clubgo.site","sign":"1C57E48BDF4AE2BDCF18BA64C346CB2D"}
[2025-10-02 10:44:01] LemonPay deposit payload: {"merchantId":"MID017","secretKey":"af8699959e552fe5925d1f683dca81d9","orderId":"202510021759382041947099","amount":"300.00","callbackUrl":"https:\/\/91clubgo.site\/pay\/LP_Webhook.php","name":"89 Club","phone":"+911234567890","email":"admin@91clubgo.site","sign":"99A213A947EE620EA67BE46CC4054B3D"}
[2025-10-02 10:47:11] LemonPay deposit payload: {"merchantId":"MID017","secretKey":"af8699959e552fe5925d1f683dca81d9","orderId":"202510021759382231493925","amount":"200.00","callbackUrl":"https:\/\/91clubgo.site\/pay\/LP_Webhook.php","name":"89 Club","phone":"+911234567890","email":"admin@91clubgo.site","sign":"D9031E164851C00FF6B6E07EF395D450"}
[2025-10-02 10:50:00] LemonPay deposit payload: {"merchantId":"MID017","secretKey":"af8699959e552fe5925d1f683dca81d9","orderId":"202510021759382400570584","amount":"200.00","callbackUrl":"https:\/\/91clubgo.site\/pay\/LP_Webhook.php","name":"89 Club","phone":"+911234567890","email":"admin@91clubgo.site","sign":"081DF4C73C4890068AD42DFF37D54638"}
[2025-10-02 10:50:01] LemonPay deposit payload: {"merchantId":"MID017","secretKey":"af8699959e552fe5925d1f683dca81d9","orderId":"202510021759382401323796","amount":"200.00","callbackUrl":"https:\/\/91clubgo.site\/pay\/LP_Webhook.php","name":"89 Club","phone":"+911234567890","email":"admin@91clubgo.site","sign":"F9CB7C8D2C69683B8D83E74825A53AAB"}
[2025-10-02 11:00:44] LemonPay deposit payload: {"merchantId":"MID017","secretKey":"af8699959e552fe5925d1f683dca81d9","orderId":"202510021759383044253542","amount":"200.00","callbackUrl":"https:\/\/91clubgo.site\/pay\/LP_Webhook.php","name":"89 Club","phone":"+911234567890","email":"admin@91clubgo.site","sign":"7BD307C6FDE976C0F93D495280B9F3BA"}
[2025-10-02 11:52:56] LemonPay deposit payload: {"merchantId":"MID017","secretKey":"af8699959e552fe5925d1f683dca81d9","orderId":"202510021759386176403292","amount":"200.00","callbackUrl":"https:\/\/91clubgo.site\/pay\/LP_Webhook.php","name":"89 Club","phone":"+911234567890","email":"admin@91clubgo.site","sign":"AD1D3D8841F96D87FF542F896ADB5953"}
[2025-10-02 12:00:40] LemonPay deposit payload: {"merchantId":"MID017","secretKey":"af8699959e552fe5925d1f683dca81d9","orderId":"202510021759386640677868","amount":"200.00","callbackUrl":"https:\/\/91clubgo.site\/pay\/LP_Webhook.php","name":"89 Club","phone":"+911234567890","email":"admin@91clubgo.site","sign":"B31BC00586483104C8C05173584C923A"}
[2025-10-02 12:06:29] LemonPay deposit payload: {"merchantId":"MID017","secretKey":"af8699959e552fe5925d1f683dca81d9","orderId":"202510021759386989729346","amount":"200.00","callbackUrl":"https:\/\/91clubgo.site\/pay\/LP_Webhook.php","name":"89 Club","phone":"+911234567890","email":"admin@91clubgo.site","sign":"1FCC756819AD8FE3B2164364AC0C96E6"}
[2025-10-02 12:14:16] LemonPay deposit payload: {"merchantId":"MID017","secretKey":"af8699959e552fe5925d1f683dca81d9","orderId":"202510021759387456119632","amount":"200.00","callbackUrl":"https:\/\/91clubgo.site\/pay\/LP_Webhook.php","name":"89 Club","phone":"+911234567890","email":"admin@91clubgo.site","sign":"50400821EA7697536C368D2A9B9A6808"}
[2025-10-02 12:19:25] LemonPay deposit payload: {"merchantId":"MID017","secretKey":"af8699959e552fe5925d1f683dca81d9","orderId":"202510021759387765697591","amount":"200.00","callbackUrl":"https:\/\/91clubgo.site\/pay\/LP_Webhook.php","name":"89 Club","phone":"+911234567890","email":"admin@91clubgo.site","sign":"8D49FDD6E881B4576E4C2BD6E4880F4D"}
[2025-10-02 12:28:12] LemonPay deposit payload: {"merchantId":"MID017","secretKey":"af8699959e552fe5925d1f683dca81d9","orderId":"202510021759388292251901","amount":"500.00","callbackUrl":"https:\/\/91clubgo.site\/pay\/LP_Webhook.php","name":"89 Club","phone":"+911234567890","email":"admin@91clubgo.site","sign":"5B276CB33E924F9796533669DC1F1E24"}
[2025-10-02 12:28:30] LemonPay deposit payload: {"merchantId":"MID017","secretKey":"af8699959e552fe5925d1f683dca81d9","orderId":"202510021759388310679516","amount":"200.00","callbackUrl":"https:\/\/91clubgo.site\/pay\/LP_Webhook.php","name":"89 Club","phone":"+911234567890","email":"admin@91clubgo.site","sign":"990A4CC22AAAAA3FEAD41324DE112442"}
[2025-10-02 16:30:23] LemonPay deposit payload: {"merchantId":"MID017","secretKey":"af8699959e552fe5925d1f683dca81d9","orderId":"202510021759402823380762","amount":"200.00","callbackUrl":"https:\/\/91clubgo.site\/pay\/LP_Webhook.php","name":"89 Club","phone":"+911234567890","email":"admin@91clubgo.site","sign":"F354AF956AEF837E392798F643ED1BCD"}
[2025-10-02 16:30:30] LemonPay deposit payload: {"merchantId":"MID017","secretKey":"af8699959e552fe5925d1f683dca81d9","orderId":"202510021759402830382828","amount":"200.00","callbackUrl":"https:\/\/91clubgo.site\/pay\/LP_Webhook.php","name":"89 Club","phone":"+911234567890","email":"admin@91clubgo.site","sign":"D0EA345727B6C5BEC57E2657ECFCEF1F"}
[2025-10-02 16:42:16] LemonPay deposit payload: {"merchantId":"MID017","secretKey":"af8699959e552fe5925d1f683dca81d9","orderId":"202510021759403536786130","amount":"200.00","callbackUrl":"https:\/\/91clubgo.site\/pay\/LP_Webhook.php","name":"89 Club","phone":"+911234567890","email":"admin@91clubgo.site","sign":"BE1C9E37B6CC6F5826F8D1733E438141"}
[2025-10-02 16:53:43] LemonPay deposit payload: {"merchantId":"MID017","secretKey":"af8699959e552fe5925d1f683dca81d9","orderId":"202510021759404223353428","amount":"200.00","callbackUrl":"https:\/\/91clubgo.site\/pay\/LP_Webhook.php","name":"89 Club","phone":"+911234567890","email":"admin@91clubgo.site","sign":"2B63098C570808D979336A23A5648C73"}
[2025-10-02 17:04:45] LemonPay deposit payload: {"merchantId":"MID017","secretKey":"af8699959e552fe5925d1f683dca81d9","orderId":"202510021759404885538761","amount":"200.00","callbackUrl":"https:\/\/91clubgo.site\/pay\/LP_Webhook.php","name":"89 Club","phone":"+911234567890","email":"admin@91clubgo.site","sign":"D450C76FC4F296719132916377A3ACC4"}
[2025-10-06 10:12:55] LemonPay deposit payload: {"merchantId":"MID017","secretKey":"af8699959e552fe5925d1f683dca81d9","orderId":"202510061759725775146661","amount":"200.00","callbackUrl":"https:\/\/91clubgo.site\/pay\/LP_Webhook.php","name":"89 Club","phone":"+911234567890","email":"admin@91clubgo.site","sign":"FC4344C22447B899980434E87D0A266B"}
[2025-10-06 10:12:55] LemonPay error response: {
    "code": 403,
    "data": null,
    "msg": "IP: 65.109.145.249 not allowed"
}
[2025-10-06 10:13:08] LemonPay deposit payload: {"merchantId":"MID017","secretKey":"af8699959e552fe5925d1f683dca81d9","orderId":"202510061759725788413934","amount":"200.00","callbackUrl":"https:\/\/91clubgo.site\/pay\/LP_Webhook.php","name":"89 Club","phone":"+911234567890","email":"admin@91clubgo.site","sign":"740754F9ECCB69024E9C1AE734D4EC1A"}
[2025-10-06 10:13:09] LemonPay error response: {
    "code": 403,
    "data": null,
    "msg": "IP: 65.109.145.249 not allowed"
}
